// Jest Snapshot v1, https://goo.gl/fbAQLP

exports[`DataEntry should match snapshot upon load 1`] = `undefined`;
