// Jest Snapshot v1, https://goo.gl/fbAQLP

exports[`ViewAll should match snapshot upon load 1`] = `
ShallowWrapper {
  "length": 1,
  Symbol(enzyme.__root__): [Circular],
  Symbol(enzyme.__unrendered__): <ViewAll />,
  Symbol(enzyme.__renderer__): Object {
    "batchedUpdates": [Function],
    "getNode": [Function],
    "render": [Function],
    "simulateEvent": [Function],
    "unmount": [Function],
  },
  Symbol(enzyme.__node__): Object {
    "instance": null,
    "key": undefined,
    "nodeType": "host",
    "props": Object {
      "children": Array [
        <Nav />,
        <h2>
          All Data
</h2>,
        <input
          name="search"
          onChange={[Function]}
          type="text"
/>,
        <table>
          <thead>
                    <tr>
                              <th>
                                        Name
                              </th>
                              <th>
                                        Date Collected
                              </th>
                              <th>
                                        Altitude
                              </th>
                              <th>
                                        Latitude
                              </th>
                              <th>
                                        Longitude
                              </th>
                              <th>
                                        Region
                              </th>
                              <th>
                                        Country
                              </th>
                              <th>
                                        Reflectance
                              </th>
                              <th>
                                        Wavelength
                              </th>
                              <th>
                                        Sample ID
                              </th>
                              <th />
                              <th />
                    </tr>
          </thead>
          <tbody>
                    
          </tbody>
</table>,
      ],
    },
    "ref": null,
    "rendered": Array [
      Object {
        "instance": null,
        "key": undefined,
        "nodeType": "function",
        "props": Object {},
        "ref": null,
        "rendered": null,
        "type": [Function],
      },
      Object {
        "instance": null,
        "key": undefined,
        "nodeType": "host",
        "props": Object {
          "children": "All Data",
        },
        "ref": null,
        "rendered": "All Data",
        "type": "h2",
      },
      Object {
        "instance": null,
        "key": undefined,
        "nodeType": "host",
        "props": Object {
          "name": "search",
          "onChange": [Function],
          "type": "text",
        },
        "ref": null,
        "rendered": null,
        "type": "input",
      },
      Object {
        "instance": null,
        "key": undefined,
        "nodeType": "host",
        "props": Object {
          "children": Array [
            <thead>
              <tr>
                            <th>
                                          Name
                            </th>
                            <th>
                                          Date Collected
                            </th>
                            <th>
                                          Altitude
                            </th>
                            <th>
                                          Latitude
                            </th>
                            <th>
                                          Longitude
                            </th>
                            <th>
                                          Region
                            </th>
                            <th>
                                          Country
                            </th>
                            <th>
                                          Reflectance
                            </th>
                            <th>
                                          Wavelength
                            </th>
                            <th>
                                          Sample ID
                            </th>
                            <th />
                            <th />
              </tr>
</thead>,
            <tbody>
              
</tbody>,
          ],
        },
        "ref": null,
        "rendered": Array [
          Object {
            "instance": null,
            "key": undefined,
            "nodeType": "host",
            "props": Object {
              "children": <tr>
                <th>
                                Name
                </th>
                <th>
                                Date Collected
                </th>
                <th>
                                Altitude
                </th>
                <th>
                                Latitude
                </th>
                <th>
                                Longitude
                </th>
                <th>
                                Region
                </th>
                <th>
                                Country
                </th>
                <th>
                                Reflectance
                </th>
                <th>
                                Wavelength
                </th>
                <th>
                                Sample ID
                </th>
                <th />
                <th />
</tr>,
            },
            "ref": null,
            "rendered": Object {
              "instance": null,
              "key": undefined,
              "nodeType": "host",
              "props": Object {
                "children": Array [
                  <th>
                    Name
</th>,
                  <th>
                    Date Collected
</th>,
                  <th>
                    Altitude
</th>,
                  <th>
                    Latitude
</th>,
                  <th>
                    Longitude
</th>,
                  <th>
                    Region
</th>,
                  <th>
                    Country
</th>,
                  <th>
                    Reflectance
</th>,
                  <th>
                    Wavelength
</th>,
                  <th>
                    Sample ID
</th>,
                  <th />,
                  <th />,
                ],
              },
              "ref": null,
              "rendered": Array [
                Object {
                  "instance": null,
                  "key": undefined,
                  "nodeType": "host",
                  "props": Object {
                    "children": "Name",
                  },
                  "ref": null,
                  "rendered": "Name",
                  "type": "th",
                },
                Object {
                  "instance": null,
                  "key": undefined,
                  "nodeType": "host",
                  "props": Object {
                    "children": "Date Collected",
                  },
                  "ref": null,
                  "rendered": "Date Collected",
                  "type": "th",
                },
                Object {
                  "instance": null,
                  "key": undefined,
                  "nodeType": "host",
                  "props": Object {
                    "children": "Altitude",
                  },
                  "ref": null,
                  "rendered": "Altitude",
                  "type": "th",
                },
                Object {
                  "instance": null,
                  "key": undefined,
                  "nodeType": "host",
                  "props": Object {
                    "children": "Latitude",
                  },
                  "ref": null,
                  "rendered": "Latitude",
                  "type": "th",
                },
                Object {
                  "instance": null,
                  "key": undefined,
                  "nodeType": "host",
                  "props": Object {
                    "children": "Longitude",
                  },
                  "ref": null,
                  "rendered": "Longitude",
                  "type": "th",
                },
                Object {
                  "instance": null,
                  "key": undefined,
                  "nodeType": "host",
                  "props": Object {
                    "children": "Region",
                  },
                  "ref": null,
                  "rendered": "Region",
                  "type": "th",
                },
                Object {
                  "instance": null,
                  "key": undefined,
                  "nodeType": "host",
                  "props": Object {
                    "children": "Country",
                  },
                  "ref": null,
                  "rendered": "Country",
                  "type": "th",
                },
                Object {
                  "instance": null,
                  "key": undefined,
                  "nodeType": "host",
                  "props": Object {
                    "children": "Reflectance",
                  },
                  "ref": null,
                  "rendered": "Reflectance",
                  "type": "th",
                },
                Object {
                  "instance": null,
                  "key": undefined,
                  "nodeType": "host",
                  "props": Object {
                    "children": "Wavelength",
                  },
                  "ref": null,
                  "rendered": "Wavelength",
                  "type": "th",
                },
                Object {
                  "instance": null,
                  "key": undefined,
                  "nodeType": "host",
                  "props": Object {
                    "children": "Sample ID",
                  },
                  "ref": null,
                  "rendered": "Sample ID",
                  "type": "th",
                },
                Object {
                  "instance": null,
                  "key": undefined,
                  "nodeType": "host",
                  "props": Object {},
                  "ref": null,
                  "rendered": null,
                  "type": "th",
                },
                Object {
                  "instance": null,
                  "key": undefined,
                  "nodeType": "host",
                  "props": Object {},
                  "ref": null,
                  "rendered": null,
                  "type": "th",
                },
              ],
              "type": "tr",
            },
            "type": "thead",
          },
          Object {
            "instance": null,
            "key": undefined,
            "nodeType": "host",
            "props": Object {
              "children": Array [],
            },
            "ref": null,
            "rendered": Array [],
            "type": "tbody",
          },
        ],
        "type": "table",
      },
    ],
    "type": "div",
  },
  Symbol(enzyme.__nodes__): Array [
    Object {
      "instance": null,
      "key": undefined,
      "nodeType": "host",
      "props": Object {
        "children": Array [
          <Nav />,
          <h2>
            All Data
</h2>,
          <input
            name="search"
            onChange={[Function]}
            type="text"
/>,
          <table>
            <thead>
                        <tr>
                                    <th>
                                                Name
                                    </th>
                                    <th>
                                                Date Collected
                                    </th>
                                    <th>
                                                Altitude
                                    </th>
                                    <th>
                                                Latitude
                                    </th>
                                    <th>
                                                Longitude
                                    </th>
                                    <th>
                                                Region
                                    </th>
                                    <th>
                                                Country
                                    </th>
                                    <th>
                                                Reflectance
                                    </th>
                                    <th>
                                                Wavelength
                                    </th>
                                    <th>
                                                Sample ID
                                    </th>
                                    <th />
                                    <th />
                        </tr>
            </thead>
            <tbody>
                        
            </tbody>
</table>,
        ],
      },
      "ref": null,
      "rendered": Array [
        Object {
          "instance": null,
          "key": undefined,
          "nodeType": "function",
          "props": Object {},
          "ref": null,
          "rendered": null,
          "type": [Function],
        },
        Object {
          "instance": null,
          "key": undefined,
          "nodeType": "host",
          "props": Object {
            "children": "All Data",
          },
          "ref": null,
          "rendered": "All Data",
          "type": "h2",
        },
        Object {
          "instance": null,
          "key": undefined,
          "nodeType": "host",
          "props": Object {
            "name": "search",
            "onChange": [Function],
            "type": "text",
          },
          "ref": null,
          "rendered": null,
          "type": "input",
        },
        Object {
          "instance": null,
          "key": undefined,
          "nodeType": "host",
          "props": Object {
            "children": Array [
              <thead>
                <tr>
                                <th>
                                                Name
                                </th>
                                <th>
                                                Date Collected
                                </th>
                                <th>
                                                Altitude
                                </th>
                                <th>
                                                Latitude
                                </th>
                                <th>
                                                Longitude
                                </th>
                                <th>
                                                Region
                                </th>
                                <th>
                                                Country
                                </th>
                                <th>
                                                Reflectance
                                </th>
                                <th>
                                                Wavelength
                                </th>
                                <th>
                                                Sample ID
                                </th>
                                <th />
                                <th />
                </tr>
</thead>,
              <tbody>
                
</tbody>,
            ],
          },
          "ref": null,
          "rendered": Array [
            Object {
              "instance": null,
              "key": undefined,
              "nodeType": "host",
              "props": Object {
                "children": <tr>
                  <th>
                                    Name
                  </th>
                  <th>
                                    Date Collected
                  </th>
                  <th>
                                    Altitude
                  </th>
                  <th>
                                    Latitude
                  </th>
                  <th>
                                    Longitude
                  </th>
                  <th>
                                    Region
                  </th>
                  <th>
                                    Country
                  </th>
                  <th>
                                    Reflectance
                  </th>
                  <th>
                                    Wavelength
                  </th>
                  <th>
                                    Sample ID
                  </th>
                  <th />
                  <th />
</tr>,
              },
              "ref": null,
              "rendered": Object {
                "instance": null,
                "key": undefined,
                "nodeType": "host",
                "props": Object {
                  "children": Array [
                    <th>
                      Name
</th>,
                    <th>
                      Date Collected
</th>,
                    <th>
                      Altitude
</th>,
                    <th>
                      Latitude
</th>,
                    <th>
                      Longitude
</th>,
                    <th>
                      Region
</th>,
                    <th>
                      Country
</th>,
                    <th>
                      Reflectance
</th>,
                    <th>
                      Wavelength
</th>,
                    <th>
                      Sample ID
</th>,
                    <th />,
                    <th />,
                  ],
                },
                "ref": null,
                "rendered": Array [
                  Object {
                    "instance": null,
                    "key": undefined,
                    "nodeType": "host",
                    "props": Object {
                      "children": "Name",
                    },
                    "ref": null,
                    "rendered": "Name",
                    "type": "th",
                  },
                  Object {
                    "instance": null,
                    "key": undefined,
                    "nodeType": "host",
                    "props": Object {
                      "children": "Date Collected",
                    },
                    "ref": null,
                    "rendered": "Date Collected",
                    "type": "th",
                  },
                  Object {
                    "instance": null,
                    "key": undefined,
                    "nodeType": "host",
                    "props": Object {
                      "children": "Altitude",
                    },
                    "ref": null,
                    "rendered": "Altitude",
                    "type": "th",
                  },
                  Object {
                    "instance": null,
                    "key": undefined,
                    "nodeType": "host",
                    "props": Object {
                      "children": "Latitude",
                    },
                    "ref": null,
                    "rendered": "Latitude",
                    "type": "th",
                  },
                  Object {
                    "instance": null,
                    "key": undefined,
                    "nodeType": "host",
                    "props": Object {
                      "children": "Longitude",
                    },
                    "ref": null,
                    "rendered": "Longitude",
                    "type": "th",
                  },
                  Object {
                    "instance": null,
                    "key": undefined,
                    "nodeType": "host",
                    "props": Object {
                      "children": "Region",
                    },
                    "ref": null,
                    "rendered": "Region",
                    "type": "th",
                  },
                  Object {
                    "instance": null,
                    "key": undefined,
                    "nodeType": "host",
                    "props": Object {
                      "children": "Country",
                    },
                    "ref": null,
                    "rendered": "Country",
                    "type": "th",
                  },
                  Object {
                    "instance": null,
                    "key": undefined,
                    "nodeType": "host",
                    "props": Object {
                      "children": "Reflectance",
                    },
                    "ref": null,
                    "rendered": "Reflectance",
                    "type": "th",
                  },
                  Object {
                    "instance": null,
                    "key": undefined,
                    "nodeType": "host",
                    "props": Object {
                      "children": "Wavelength",
                    },
                    "ref": null,
                    "rendered": "Wavelength",
                    "type": "th",
                  },
                  Object {
                    "instance": null,
                    "key": undefined,
                    "nodeType": "host",
                    "props": Object {
                      "children": "Sample ID",
                    },
                    "ref": null,
                    "rendered": "Sample ID",
                    "type": "th",
                  },
                  Object {
                    "instance": null,
                    "key": undefined,
                    "nodeType": "host",
                    "props": Object {},
                    "ref": null,
                    "rendered": null,
                    "type": "th",
                  },
                  Object {
                    "instance": null,
                    "key": undefined,
                    "nodeType": "host",
                    "props": Object {},
                    "ref": null,
                    "rendered": null,
                    "type": "th",
                  },
                ],
                "type": "tr",
              },
              "type": "thead",
            },
            Object {
              "instance": null,
              "key": undefined,
              "nodeType": "host",
              "props": Object {
                "children": Array [],
              },
              "ref": null,
              "rendered": Array [],
              "type": "tbody",
            },
          ],
          "type": "table",
        },
      ],
      "type": "div",
    },
  ],
  Symbol(enzyme.__options__): Object {
    "adapter": ReactSixteenAdapter {
      "options": Object {
        "enableComponentDidUpdateOnSetState": true,
      },
    },
    "disableLifecycleMethods": true,
  },
}
`;
